../STM32746G-Discovery/stm32746g_discovery_qspi.c:109:9:BSP_QSPI_Init	16	static,ignoring_inline_asm
../STM32746G-Discovery/stm32746g_discovery_qspi.c:156:9:BSP_QSPI_DeInit	8	static
../STM32746G-Discovery/stm32746g_discovery_qspi.c:179:9:BSP_QSPI_Read	80	static
../STM32746G-Discovery/stm32746g_discovery_qspi.c:225:9:BSP_QSPI_Write	96	static
../STM32746G-Discovery/stm32746g_discovery_qspi.c:299:9:BSP_QSPI_Erase_Block	72	static
../STM32746G-Discovery/stm32746g_discovery_qspi.c:341:9:BSP_QSPI_Erase_Chip	64	static
../STM32746G-Discovery/stm32746g_discovery_qspi.c:381:9:BSP_QSPI_GetStatus	72	static
../STM32746G-Discovery/stm32746g_discovery_qspi.c:434:9:BSP_QSPI_GetInfo	16	static
../STM32746G-Discovery/stm32746g_discovery_qspi.c:450:9:BSP_QSPI_EnableMemoryMappedMode	72	static
../STM32746G-Discovery/stm32746g_discovery_qspi.c:495:13:BSP_QSPI_MspInit	64	static
../STM32746G-Discovery/stm32746g_discovery_qspi.c:561:13:BSP_QSPI_MspDeInit	16	static
../STM32746G-Discovery/stm32746g_discovery_qspi.c:589:16:QSPI_ResetMemory	72	static
../STM32746G-Discovery/stm32746g_discovery_qspi.c:631:16:QSPI_DummyCyclesCfg	88	static,ignoring_inline_asm
../STM32746G-Discovery/stm32746g_discovery_qspi.c:690:16:QSPI_WriteEnable	96	static
../STM32746G-Discovery/stm32746g_discovery_qspi.c:736:16:QSPI_AutoPollingMemReady	96	static
