../Drivers/CMSIS/Include/core_cm7.h:2229:22:SCB_EnableICache	4	static,ignoring_inline_asm
../Drivers/CMSIS/Include/core_cm7.h:2281:22:SCB_EnableDCache	24	static,ignoring_inline_asm
../Core/Src/main.c:170:5:main	104	static
../Core/Src/main.c:279:6:SystemClock_Config	88	static
../Core/Src/main.c:332:13:MX_CRC_Init	8	static
../Core/Src/main.c:363:13:MX_DMA2D_Init	8	static
../Core/Src/main.c:400:13:MX_I2C3_Init	8	static
../Core/Src/main.c:448:13:MX_LTDC_Init	64	static
../Core/Src/main.c:510:13:MX_QUADSPI_Init	8	static
../Core/Src/main.c:545:13:MX_USART1_UART_Init	8	static
../Core/Src/main.c:580:13:MX_USART6_UART_Init	8	static
../Core/Src/main.c:613:13:MX_DMA_Init	16	static
../Core/Src/main.c:627:13:MX_FMC_Init	40	static
../Core/Src/main.c:736:13:MX_GPIO_Init	72	static
../Core/Src/main.c:786:6:StartDefaultTask	16	static
../Core/Src/main.c:804:6:StartHardwareTask	16	static
../Core/Src/main.c:822:6:StartGFXTask	16	static
../Core/Src/main.c:842:6:StartTaskUartMsg	16	static
../Core/Src/main.c:865:6:HAL_TIM_PeriodElapsedCallback	16	static
../Core/Src/main.c:882:6:Error_Handler	4	static,ignoring_inline_asm
