../Core/Src/stm32f7xx_hal_msp.c:64:6:HAL_MspInit	16	static
../Core/Src/stm32f7xx_hal_msp.c:88:6:HAL_CRC_MspInit	24	static
../Core/Src/stm32f7xx_hal_msp.c:110:6:HAL_CRC_MspDeInit	16	static
../Core/Src/stm32f7xx_hal_msp.c:132:6:HAL_DMA2D_MspInit	24	static
../Core/Src/stm32f7xx_hal_msp.c:157:6:HAL_DMA2D_MspDeInit	16	static
../Core/Src/stm32f7xx_hal_msp.c:182:6:HAL_I2C_MspInit	176	static
../Core/Src/stm32f7xx_hal_msp.c:228:6:HAL_I2C_MspDeInit	16	static
../Core/Src/stm32f7xx_hal_msp.c:259:6:HAL_LTDC_MspInit	192	static
../Core/Src/stm32f7xx_hal_msp.c:376:6:HAL_LTDC_MspDeInit	16	static
../Core/Src/stm32f7xx_hal_msp.c:445:6:HAL_QSPI_MspInit	56	static
../Core/Src/stm32f7xx_hal_msp.c:508:6:HAL_QSPI_MspDeInit	16	static
../Core/Src/stm32f7xx_hal_msp.c:545:6:HAL_UART_MspInit	192	static
../Core/Src/stm32f7xx_hal_msp.c:659:6:HAL_UART_MspDeInit	16	static
../Core/Src/stm32f7xx_hal_msp.c:711:13:HAL_FMC_MspInit	32	static
../Core/Src/stm32f7xx_hal_msp.c:817:6:HAL_SDRAM_MspInit	16	static
../Core/Src/stm32f7xx_hal_msp.c:829:13:HAL_FMC_MspDeInit	8	static
../Core/Src/stm32f7xx_hal_msp.c:903:6:HAL_SDRAM_MspDeInit	16	static
